This is pdfTeX, Version 3.141592653-2.6-1.40.24 (MiKTeX 22.10) (preloaded format=pdflatex 2022.10.26)  2 SEP 2026 10:56
entering extended mode
 restricted \write18 enabled.
 file:line:error style messages enabled.
 %&-line parsing enabled.
**"c:/Users/Giulia/Desktop/Progetto_LabInf_2025_26/Documento di progetto.tex"
(c:/Users/Giulia/Desktop/Progetto_LabInf_2025_26/Documento di progetto.tex
LaTeX2e <2022-06-01> patch level 5
L3 programming layer <2022-09-28> (C:\Users\Giulia\AppData\Local\Programs\MiKTeX\tex/latex/base\article.cls
Document Class: article 2021/10/04 v1.4n Standard LaTeX document class
(C:\Users\Giulia\AppData\Local\Programs\MiKTeX\tex/latex/base\size10.clo
File: size10.clo 2021/10/04 v1.4n Standard LaTeX file (size option)
)
\c@part=\count185
\c@section=\count186
\c@subsection=\count187
\c@subsubsection=\count188
\c@paragraph=\count189
\c@subparagraph=\count190
\c@figure=\count191
\c@table=\count192
\abovecaptionskip=\skip47
\belowcaptionskip=\skip48
\bibindent=\dimen138
) (C:\Users\Giulia\AppData\Local\Programs\MiKTeX\tex/generic/babel\babel.sty
Package: babel 2022/10/04 3.81 The Babel package
\babel@savecnt=\count193
\U@D=\dimen139
\l@unhyphenated=\language79
 (C:\Users\Giulia\AppData\Local\Programs\MiKTeX\tex/generic/babel\txtbabel.def)
\bbl@readstream=\read2
\bbl@dirlevel=\count194

*************************************
* Local config file bblopts.cfg used
*
(C:\Users\Giulia\AppData\Local\Programs\MiKTeX\tex/latex/arabi\bblopts.cfg
File: bblopts.cfg 2005/09/08 v0.1 add Arabic and Farsi to "declared" options of babel
) (C:\Users\Giulia\AppData\Local\Programs\MiKTeX\tex/latex/babel-italian\italian.ldf
Language: italian 2022/03/27 v.1.4.07 Italian support for the babel system
\it@lettering=\count195
\it@doublequoteactive=\count196
\it@ISOcompliance=\count197
)) (C:\Users\Giulia\AppData\Local\Programs\MiKTeX\tex/generic/babel/locale/it\babel-italian.tex
Package babel Info: Importing font and identification data for italian
(babel)             from babel-it.ini. Reported on input line 11.
) (C:\Users\Giulia\AppData\Local\Programs\MiKTeX\tex/latex/etoolbox\etoolbox.sty
Package: etoolbox 2020/10/05 v2.5k e-TeX tools for LaTeX (JAW)
\etb@tempcnta=\count198
) (C:\Users\Giulia\AppData\Local\Programs\MiKTeX\tex/latex/graphics\graphicx.sty
Package: graphicx 2021/09/16 v1.2d Enhanced LaTeX Graphics (DPC,SPQR)
 (C:\Users\Giulia\AppData\Local\Programs\MiKTeX\tex/latex/graphics\keyval.sty
Package: keyval 2022/05/29 v1.15 key=value parser (DPC)
\KV@toks@=\toks16
) (C:\Users\Giulia\AppData\Local\Programs\MiKTeX\tex/latex/graphics\graphics.sty
Package: graphics 2022/03/10 v1.4e Standard LaTeX Graphics (DPC,SPQR)
 (C:\Users\Giulia\AppData\Local\Programs\MiKTeX\tex/latex/graphics\trig.sty
Package: trig 2021/08/11 v1.11 sin cos tan (DPC)
) (C:\Users\Giulia\AppData\Local\Programs\MiKTeX\tex/latex/graphics-cfg\graphics.cfg
File: graphics.cfg 2016/06/04 v1.11 sample graphics configuration
)
Package graphics Info: Driver file: pdftex.def on input line 107.
 (C:\Users\Giulia\AppData\Local\Programs\MiKTeX\tex/latex/graphics-def\pdftex.def
File: pdftex.def 2022/09/22 v1.2b Graphics/color driver for pdftex
\stockwidth=\dimen140
\stockheight=\dimen141
))
\Gin@req@height=\dimen142
\Gin@req@width=\dimen143
) (C:\Users\Giulia\AppData\Local\Programs\MiKTeX\tex/latex/amsmath\amsmath.sty
Package: amsmath 2022/04/08 v2.17n AMS math features
\@mathmargin=\skip49

For additional information on amsmath, use the `?' option.
(C:\Users\Giulia\AppData\Local\Programs\MiKTeX\tex/latex/amsmath\amstext.sty
Package: amstext 2021/08/26 v2.01 AMS text
 (C:\Users\Giulia\AppData\Local\Programs\MiKTeX\tex/latex/amsmath\amsgen.sty
File: amsgen.sty 1999/11/30 v2.0 generic functions
\@emptytoks=\toks17
\ex@=\dimen144
)) (C:\Users\Giulia\AppData\Local\Programs\MiKTeX\tex/latex/amsmath\amsbsy.sty
Package: amsbsy 1999/11/29 v1.2d Bold Symbols
\pmbraise@=\dimen145
) (C:\Users\Giulia\AppData\Local\Programs\MiKTeX\tex/latex/amsmath\amsopn.sty
Package: amsopn 2022/04/08 v2.04 operator names
)
\inf@bad=\count199
LaTeX Info: Redefining \frac on input line 234.
\uproot@=\count266
\leftroot@=\count267
LaTeX Info: Redefining \overline on input line 399.
LaTeX Info: Redefining \colon on input line 410.
\classnum@=\count268
\DOTSCASE@=\count269
LaTeX Info: Redefining \ldots on input line 496.
LaTeX Info: Redefining \dots on input line 499.
LaTeX Info: Redefining \cdots on input line 620.
\Mathstrutbox@=\box51
\strutbox@=\box52
LaTeX Info: Redefining \big on input line 722.
LaTeX Info: Redefining \Big on input line 723.
LaTeX Info: Redefining \bigg on input line 724.
LaTeX Info: Redefining \Bigg on input line 725.
\big@size=\dimen146
LaTeX Font Info:    Redeclaring font encoding OML on input line 743.
LaTeX Font Info:    Redeclaring font encoding OMS on input line 744.
\macc@depth=\count270
LaTeX Info: Redefining \bmod on input line 905.
LaTeX Info: Redefining \pmod on input line 910.
LaTeX Info: Redefining \smash on input line 940.
LaTeX Info: Redefining \relbar on input line 970.
LaTeX Info: Redefining \Relbar on input line 971.
\c@MaxMatrixCols=\count271
\dotsspace@=\muskip16
\c@parentequation=\count272
\dspbrk@lvl=\count273
\tag@help=\toks18
\row@=\count274
\column@=\count275
\maxfields@=\count276
\andhelp@=\toks19
\eqnshift@=\dimen147
\alignsep@=\dimen148
\tagshift@=\dimen149
\tagwidth@=\dimen150
\totwidth@=\dimen151
\lineht@=\dimen152
\@envbody=\toks20
\multlinegap=\skip50
\multlinetaggap=\skip51
\mathdisplay@stack=\toks21
LaTeX Info: Redefining \[ on input line 2953.
LaTeX Info: Redefining \] on input line 2954.
) (C:\Users\Giulia\AppData\Local\Programs\MiKTeX\tex/latex/amsfonts\amssymb.sty
Package: amssymb 2013/01/14 v3.01 AMS font symbols
 (C:\Users\Giulia\AppData\Local\Programs\MiKTeX\tex/latex/amsfonts\amsfonts.sty
Package: amsfonts 2013/01/14 v3.01 Basic AMSFonts support
\symAMSa=\mathgroup4
\symAMSb=\mathgroup5
LaTeX Font Info:    Redeclaring math symbol \hbar on input line 98.
LaTeX Font Info:    Overwriting math alphabet `\mathfrak' in version `bold'
(Font)                  U/euf/m/n --> U/euf/b/n on input line 106.
)) (C:\Users\Giulia\AppData\Local\Programs\MiKTeX\tex/latex/geometry\geometry.sty
Package: geometry 2020/01/02 v5.9 Page Geometry
 (C:\Users\Giulia\AppData\Local\Programs\MiKTeX\tex/generic/iftex\ifvtex.sty
Package: ifvtex 2019/10/25 v1.7 ifvtex legacy package. Use iftex instead.
 (C:\Users\Giulia\AppData\Local\Programs\MiKTeX\tex/generic/iftex\iftex.sty
Package: iftex 2022/02/03 v1.0f TeX engine tests
))
\Gm@cnth=\count277
\Gm@cntv=\count278
\c@Gm@tempcnt=\count279
\Gm@bindingoffset=\dimen153
\Gm@wd@mp=\dimen154
\Gm@odd@mp=\dimen155
\Gm@even@mp=\dimen156
\Gm@layoutwidth=\dimen157
\Gm@layoutheight=\dimen158
\Gm@layouthoffset=\dimen159
\Gm@layoutvoffset=\dimen160
\Gm@dimlist=\toks22
 (C:\Users\Giulia\AppData\Local\Programs\MiKTeX\tex/latex/geometry\geometry.cfg)) (C:\Users\Giulia\AppData\Local\Programs\MiKTeX\tex/latex/l3backend\l3backend-pdftex.def
File: l3backend-pdftex.def 2022-09-28 L3 backend support: PDF output (pdfTeX)
\l__color_backend_stack_int=\count280
\l__pdf_internal_box=\box53
) (Documento di progetto.aux)
\openout1 = `"Documento di progetto.aux"'.

LaTeX Font Info:    Checking defaults for OML/cmm/m/it on input line 21.
LaTeX Font Info:    ... okay on input line 21.
LaTeX Font Info:    Checking defaults for OMS/cmsy/m/n on input line 21.
LaTeX Font Info:    ... okay on input line 21.
LaTeX Font Info:    Checking defaults for OT1/cmr/m/n on input line 21.
LaTeX Font Info:    ... okay on input line 21.
LaTeX Font Info:    Checking defaults for T1/cmr/m/n on input line 21.
LaTeX Font Info:    ... okay on input line 21.
LaTeX Font Info:    Checking defaults for TS1/cmr/m/n on input line 21.
LaTeX Font Info:    ... okay on input line 21.
LaTeX Font Info:    Checking defaults for OMX/cmex/m/n on input line 21.
LaTeX Font Info:    ... okay on input line 21.
LaTeX Font Info:    Checking defaults for U/cmr/m/n on input line 21.
LaTeX Font Info:    ... okay on input line 21.
LaTeX Info: Redefining \it@ocap on input line 21.
LaTeX Info: Redefining \it@ccap on input line 21.


File italian.ldf warning: 
italian.ldf    With OT1 encoding guillemets are poorly faked
italian.ldf    Use T1 encoding
italian.ldf    or specify a font with command \CaporaliFrom
italian.ldf    See the documentation concerning the babel-italian typesetting 
italian.ldf    on input line 21.

(C:\Users\Giulia\AppData\Local\Programs\MiKTeX\tex/context/base/mkii\supp-pdf.mkii
[Loading MPS to PDF converter (version 2006.09.02).]
\scratchcounter=\count281
\scratchdimen=\dimen161
\scratchbox=\box54
\nofMPsegments=\count282
\nofMParguments=\count283
\everyMPshowfont=\toks23
\MPscratchCnt=\count284
\MPscratchDim=\dimen162
\MPnumerator=\count285
\makeMPintoPDFobject=\count286
\everyMPtoPDFconversion=\toks24
) (C:\Users\Giulia\AppData\Local\Programs\MiKTeX\tex/latex/epstopdf-pkg\epstopdf-base.sty
Package: epstopdf-base 2020-01-24 v2.11 Base part for package epstopdf
Package epstopdf-base Info: Redefining graphics rule for `.eps' on input line 485.
 (C:\Users\Giulia\AppData\Local\Programs\MiKTeX\tex/latex/00miktex\epstopdf-sys.cfg
File: epstopdf-sys.cfg 2021/03/18 v2.0 Configuration of epstopdf for MiKTeX
))
*geometry* driver: auto-detecting
*geometry* detected driver: pdftex
*geometry* verbose mode - [ preamble ] result:
* driver: pdftex
* paper: <default>
* layout: <same size as paper>
* layoutoffset:(h,v)=(0.0pt,0.0pt)
* modes: 
* h-part:(L,W,R)=(56.9055pt, 500.484pt, 56.9055pt)
* v-part:(T,H,B)=(56.9055pt, 681.15898pt, 56.9055pt)
* \paperwidth=614.295pt
* \paperheight=794.96999pt
* \textwidth=500.484pt
* \textheight=681.15898pt
* \oddsidemargin=-15.36449pt
* \evensidemargin=-15.36449pt
* \topmargin=-52.36449pt
* \headheight=12.0pt
* \headsep=25.0pt
* \topskip=10.0pt
* \footskip=30.0pt
* \marginparwidth=4.0pt
* \marginparsep=10.0pt
* \columnsep=10.0pt
* \skip\footins=9.0pt plus 4.0pt minus 2.0pt
* \hoffset=0.0pt
* \voffset=0.0pt
* \mag=1000
* \@twocolumntrue
* \@twosidefalse
* \@mparswitchfalse
* \@reversemarginfalse
* (1in=72.27pt=25.4mm, 1cm=28.453pt)

LaTeX Font Info:    Trying to load font information for U+msa on input line 23.
(C:\Users\Giulia\AppData\Local\Programs\MiKTeX\tex/latex/amsfonts\umsa.fd
File: umsa.fd 2013/01/14 v3.01 AMS symbols A
)
LaTeX Font Info:    Trying to load font information for U+msb on input line 23.
 (C:\Users\Giulia\AppData\Local\Programs\MiKTeX\tex/latex/amsfonts\umsb.fd
File: umsb.fd 2013/01/14 v3.01 AMS symbols B
)
Underfull \hbox (badness 1701) in paragraph at lines 45--46
[]\OT1/cmr/bx/n/10 Punto: \OT1/cmr/m/n/10 Strut-tu-ra (\OT1/cmtt/m/n/10 struct\OT1/cmr/m/n/10 ) com-po-sta da due
 []


Underfull \hbox (badness 1127) in paragraph at lines 61--62
\OT1/cmr/m/n/10 me-mo-ria se-con-da-ria, oc-cu-pan-do-si sia del-la scrit-tu-ra
 []


Underfull \hbox (badness 1389) in paragraph at lines 61--62
\OT1/cmr/m/n/10 (espor-ta-zio-ne) sia del-la let-tu-ra (im-por-ta-zio-ne) del-le
 []

[1{C:/Users/Giulia/AppData/Local/MiKTeX/fonts/map/pdftex/pdftex.map}


]
Underfull \hbox (badness 3601) in paragraph at lines 72--73
[]\OT1/cmr/m/n/10 Generazione, scrit-tu-ra e let-tu-ra del fi-le rap-
 []


Underfull \hbox (badness 5475) in paragraph at lines 72--73
\OT1/cmr/m/n/10 pre-sen-tan-te la ma-tri-ce spar-sa dei coef-fi-cien-ti
 []


Underfull \hbox (badness 2401) in paragraph at lines 102--103
[]\OT1/cmr/m/n/10 Le fun-zio-na-lit^^Ra ri-chie-ste per que-sto sot-to-mo-du-lo
 []


Underfull \hbox (badness 4713) in paragraph at lines 107--108
[]\OT1/cmr/m/n/10 Esportazione dei da-ti nei fi-le \OT1/cmtt/m/n/10 coords.txt \OT1/cmr/m/n/10 e
 []


Underfull \hbox (badness 2142) in paragraph at lines 112--113
\OT1/cmr/m/n/10 Per rap-pre-sen-ta-re la to-po-lo-gia del gra-fo in mo-do
 []


Underfull \hbox (badness 7415) in paragraph at lines 114--115
[]\OT1/cmr/bx/n/10 Liste di adia-cen-za: \OT1/cmr/m/n/10 Im-ple-men-ta-te tra-mi-
 []


Underfull \hbox (badness 1038) in paragraph at lines 119--120
\OT1/cmr/m/n/10 ri a $\OML/cmm/m/it/10 O\OT1/cmr/m/n/10 (\OMS/cmsy/m/n/10 j\OML/cmm/m/it/10 V\OMS/cmsy/m/n/10 j\OT1/cmr/m/n/10 ) = \OML/cmm/m/it/10 O\OT1/cmr/m/n/10 ((\OML/cmm/m/it/10 N \OMS/cmsy/m/n/10 ^^@ \OT1/cmr/m/n/10 1)[]) = \OML/cmm/m/it/10 O\OT1/cmr/m/n/10 (\OML/cmm/m/it/10 N[]\OT1/cmr/m/n/10 )$, poich^^Se il
 []

[2]
Underfull \hbox (badness 1406) in paragraph at lines 158--159
[]\OT1/cmr/m/n/10 Risolvendo la re-la-zio-ne di ri-cor-ren-za $\OML/cmm/m/it/10 T\OT1/cmr/m/n/10 (\OML/cmm/m/it/10 V[]\OT1/cmr/m/n/10 ) =
 []


Underfull \hbox (badness 2318) in paragraph at lines 158--159
\OT1/cmr/m/n/10 2\OML/cmm/m/it/10 T\OT1/cmr/m/n/10 (\OML/cmm/m/it/10 V[]=\OT1/cmr/m/n/10 2) + \OML/cmm/m/it/10 O\OT1/cmr/m/n/10 (\OML/cmm/m/it/10 V[]\OT1/cmr/m/n/10 )$, si ot-tie-ne una com-ples-sit^^Ra
 []


Underfull \hbox (badness 1946) in paragraph at lines 162--198
\OT1/cmr/m/n/10 Come per il Ta-sk1 ^^Re sta-to inan-zi-tut-to crea-to un
 []


Underfull \hbox (badness 4967) in paragraph at lines 162--198
\OT1/cmtt/m/n/10 eseguiNestedDissectionRicorsiva\OT1/cmr/m/n/10 : La scel-ta di
 []


Underfull \hbox (badness 1622) in paragraph at lines 162--198
\OT1/cmr/m/n/10 espor-re un'u-ni-ca fun-zio-ne pub-bli-ca, ri-spet-to ai tre
 []


Underfull \hbox (badness 3460) in paragraph at lines 162--198
\OT1/cmr/m/n/10 per-mu-ta-zio-ne), ri-flet-te una de-com-po-si-zio-ne di-ver-sa
 []


Underfull \hbox (badness 1303) in paragraph at lines 162--198
\OT1/cmr/m/n/10 con una nuo-va fun-zio-ne, \OT1/cmtt/m/n/10 leggiGrafoCompleto\OT1/cmr/m/n/10 , che
 []


Underfull \hbox (badness 1888) in paragraph at lines 162--198
\OT1/cmtt/m/n/10 leggiGrafoCompleto\OT1/cmr/m/n/10 , av-via la ri-cor-sio-ne sul-l'in-te-ro
 []


Underfull \hbox (badness 1748) in paragraph at lines 162--198
\OT1/cmr/m/n/10 (nuo-vo in-di-ce, iden-ti-fi-ca-to-re ori-gi-na-le) su una ri-ga
 []


Underfull \hbox (badness 10000) in paragraph at lines 162--198

 []

[3]
Underfull \hbox (badness 3713) in paragraph at lines 212--213
\OT1/cmr/m/n/10 pres-so per evi-ta-re l'al-lo-ca-zio-ne inu-ti-liz-za-ta di
 []


Underfull \hbox (badness 10000) in paragraph at lines 219--220
[]\OT1/cmr/bx/n/10 Mappatura del-le per-mu-ta-zio-ni: \OT1/cmr/m/n/10 Vet-to-re
 []


Underfull \hbox (badness 3792) in paragraph at lines 226--229
\OT1/cmr/m/n/10 Il sot-to-mo-du-lo ^^Re sta-to im-ple-men-ta-to nel-la clas-se
 []


Underfull \hbox (badness 1783) in paragraph at lines 226--229
\OT1/cmtt/m/n/10 GeneratoreMatrice\OT1/cmr/m/n/10 , con un uni-co me-to-do sta-ti-co,
 []


Underfull \hbox (badness 2591) in paragraph at lines 226--229
\OT1/cmtt/m/n/10 generaMatriceA(N, kappa, perm)\OT1/cmr/m/n/10 , coe-ren-te con lo
 []


Underfull \hbox (badness 10000) in paragraph at lines 226--229

 []


Underfull \hbox (badness 1168) in paragraph at lines 230--240
\OT1/cmr/m/n/10 "na-tu-ra-le" di cia-scun no-do, cal-co-la-to qui, coin-ci-da
 []


Underfull \hbox (badness 3375) in paragraph at lines 230--240
\OT1/cmr/m/n/10 sem-pre con quel-lo pro-dot-to da \OT1/cmtt/m/n/10 GeneratoreGrafo\OT1/cmr/m/n/10 ,
 []


Underfull \hbox (badness 10000) in paragraph at lines 230--240

 []


Underfull \hbox (badness 10000) in paragraph at lines 241--249

 []

[4]
Underfull \hbox (badness 1783) in paragraph at lines 257--257
[]\OT1/cmr/bx/n/12 Sottomodulo 6: Ge-ne-ra-zio-ne del
 []


Underfull \hbox (badness 3428) in paragraph at lines 268--269
[]\OT1/cmr/m/n/10 Valutazione del-la fun-zio-ne sor-gen-te $\OML/cmm/m/it/10 f\OT1/cmr/m/n/10 (\OML/cmm/m/it/10 x; y\OT1/cmr/m/n/10 )$ in
 []


Underfull \hbox (badness 3189) in paragraph at lines 268--269
\OT1/cmr/m/n/10 cor-ri-spon-den-za di cia-scun pun-to in-ter-no del-la
 []


Underfull \hbox (badness 10000) in paragraph at lines 276--277
[]\OT1/cmr/bx/n/10 Vettore den-so: \OT1/cmr/m/n/10 Un ar-ray di-na-mi-co
 []


Underfull \hbox (badness 10000) in paragraph at lines 276--277
\OT1/cmtt/m/n/10 std::vector<double> \OT1/cmr/m/n/10 di di-men-sio-ne pa-ri al
 []


Underfull \hbox (badness 7308) in paragraph at lines 306--307
[]\OT1/cmr/bx/n/10 Struttura Ma-tri-ce CSC: \OT1/cmr/m/n/10 Vet-to-ri di-na-mi-ci
 []


Underfull \hbox (badness 1014) in paragraph at lines 307--308
[]\OT1/cmr/bx/n/10 Fattore Cho-le-sky $\OML/cmm/m/it/10 L$\OT1/cmr/bx/n/10 : \OT1/cmr/m/n/10 Una se-con-da strut-tu-ra
 []


Underfull \hbox (badness 3333) in paragraph at lines 308--309
[]\OT1/cmr/bx/n/10 Vettori di la-vo-ro au-si-lia-ri: \OT1/cmr/m/n/10 Vet-to-ri den-si
 []

[5]
Underfull \hbox (badness 1789) in paragraph at lines 340--341
\OT1/cmr/m/n/10 di pun-ta-to-ri ge-sti-te da li-bre-rie ester-ne per la
 []

[6] (Documento di progetto.aux) ) 
Here is how much of TeX's memory you used:
 4523 strings out of 475385
 70638 string characters out of 2776434
 451343 words of memory out of 3000000
 25861 multiletter control sequences out of 15000+600000
 478278 words of font info for 63 fonts, out of 8000000 for 9000
 1141 hyphenation exceptions out of 8191
 55i,8n,62p,483b,285s stack positions out of 10000i,1000n,20000p,200000b,80000s
 <C:\Users\Giulia\AppData\Local\MiKTeX\fonts/pk/ljfour/jknappen/ec/dpi600\tcrm1000.pk><C:/Users/Giulia/AppData/Local/Programs/MiKTeX/fonts/type1/public/amsfonts/cm/cmbx10.pfb><C:/Users/Giulia/AppData/Local/Programs/MiKTeX/fonts/type1/public/amsfonts/cm/cmbx12.pfb><C:/Users/Giulia/AppData/Local/Programs/MiKTeX/fonts/type1/public/amsfonts/cm/cmex10.pfb><C:/Users/Giulia/AppData/Local/Programs/MiKTeX/fonts/type1/public/amsfonts/cm/cmmi10.pfb><C:/Users/Giulia/AppData/Local/Programs/MiKTeX/fonts/type1/public/amsfonts/cm/cmmi7.pfb><C:/Users/Giulia/AppData/Local/Programs/MiKTeX/fonts/type1/public/amsfonts/cm/cmr10.pfb><C:/Users/Giulia/AppData/Local/Programs/MiKTeX/fonts/type1/public/amsfonts/cm/cmr12.pfb><C:/Users/Giulia/AppData/Local/Programs/MiKTeX/fonts/type1/public/amsfonts/cm/cmr7.pfb><C:/Users/Giulia/AppData/Local/Programs/MiKTeX/fonts/type1/public/amsfonts/cm/cmsy10.pfb><C:/Users/Giulia/AppData/Local/Programs/MiKTeX/fonts/type1/public/amsfonts/cm/cmsy7.pfb><C:/Users/Giulia/AppData/Local/Programs/MiKTeX/fonts/type1/public/amsfonts/cm/cmti10.pfb><C:/Users/Giulia/AppData/Local/Programs/MiKTeX/fonts/type1/public/amsfonts/cm/cmtt10.pfb>
Output written on "Documento di progetto.pdf" (6 pages, 196314 bytes).
PDF statistics:
 86 PDF objects out of 1000 (max. 8388607)
 0 named destinations out of 1000 (max. 500000)
 1 words of extra memory for PDF output out of 10000 (max. 10000000)

